status=COMPLETE
classification=EXPLORATORY_POST_HOC
phase5_verdict_effect=DOES_NOT_CHANGE_PHASE5_VERDICT
git_commit=ff691e3840c47a56e865e219b77f0ffc875c9a32
repetitions_per_condition=100
bootstrap_samples=500
train_samples=31556
val_samples=10504
config_sha256=6d1a41bcb5cc02352d46bb0319ea6e286b7493db114980c8654d74e64dc55580
elapsed_seconds=684.57
feature_hash_check=PASS (runtime verifier; no mismatch raised)
nonfinite_check=PASS

mde_summary (80% detection threshold; IC)
signal_form,real,random,scramble
momentum,NOT_REACHED,NOT_REACHED,NOT_REACHED
mean_reversion,NOT_REACHED,NOT_REACHED,NOT_REACHED
image_projection,NOT_REACHED,NOT_REACHED,NOT_REACHED

detection_rate_with_95pct_MC_interval_and_alpha_upper_bound_ratio
signal_form,target_ic,variant,detection_rate,mc95_low,mc95_high,alpha_hits_upper_bound_ratio
momentum,0.0000,real,0.020000,0.005501968,0.070011791,1.000000
momentum,0.0000,random,0.020000,0.005501968,0.070011791,1.000000
momentum,0.0000,scramble,0.040000,0.015663304,0.098370714,1.000000
momentum,0.0050,real,0.020000,0.005501968,0.070011791,1.000000
momentum,0.0050,random,0.010000,0.001767432,0.054486196,1.000000
momentum,0.0050,scramble,0.000000,0.000000000,0.036993498,1.000000
momentum,0.0100,real,0.030000,0.010254524,0.084519364,1.000000
momentum,0.0100,random,0.010000,0.001767432,0.054486196,1.000000
momentum,0.0100,scramble,0.020000,0.005501968,0.070011791,1.000000
momentum,0.0200,real,0.070000,0.034319261,0.137495147,1.000000
momentum,0.0200,random,0.020000,0.005501968,0.070011791,1.000000
momentum,0.0200,scramble,0.070000,0.034319261,0.137495147,1.000000
momentum,0.0300,real,0.090000,0.048072540,0.162262129,1.000000
momentum,0.0300,random,0.030000,0.010254524,0.084519364,1.000000
momentum,0.0300,scramble,0.080000,0.041093461,0.149981077,1.000000
momentum,0.0500,real,0.310000,0.227796972,0.406260557,1.000000
momentum,0.0500,random,0.120000,0.069994064,0.198120994,1.000000
momentum,0.0500,scramble,0.150000,0.093059853,0.232835596,1.000000
mean_reversion,0.0000,real,0.020000,0.005501968,0.070011791,1.000000
mean_reversion,0.0000,random,0.020000,0.005501968,0.070011791,1.000000
mean_reversion,0.0000,scramble,0.040000,0.015663304,0.098370714,1.000000
mean_reversion,0.0050,real,0.010000,0.001767432,0.054486196,1.000000
mean_reversion,0.0050,random,0.020000,0.005501968,0.070011791,1.000000
mean_reversion,0.0050,scramble,0.000000,0.000000000,0.036993498,1.000000
mean_reversion,0.0100,real,0.030000,0.010254524,0.084519364,1.000000
mean_reversion,0.0100,random,0.020000,0.005501968,0.070011791,1.000000
mean_reversion,0.0100,scramble,0.020000,0.005501968,0.070011791,1.000000
mean_reversion,0.0200,real,0.090000,0.048072540,0.162262129,1.000000
mean_reversion,0.0200,random,0.030000,0.010254524,0.084519364,1.000000
mean_reversion,0.0200,scramble,0.100000,0.055229137,0.174365662,1.000000
mean_reversion,0.0300,real,0.110000,0.062541964,0.186312965,1.000000
mean_reversion,0.0300,random,0.050000,0.021543679,0.111750469,1.000000
mean_reversion,0.0300,scramble,0.090000,0.048072540,0.162262129,1.000000
mean_reversion,0.0500,real,0.530000,0.432888570,0.624891820,1.000000
mean_reversion,0.0500,random,0.200000,0.133366933,0.288829166,1.000000
mean_reversion,0.0500,scramble,0.230000,0.158432659,0.321543830,1.000000
image_projection,0.0000,real,0.020000,0.005501968,0.070011791,1.000000
image_projection,0.0000,random,0.020000,0.005501968,0.070011791,1.000000
image_projection,0.0000,scramble,0.040000,0.015663304,0.098370714,1.000000
image_projection,0.0050,real,0.010000,0.001767432,0.054486196,1.000000
image_projection,0.0050,random,0.020000,0.005501968,0.070011791,1.000000
image_projection,0.0050,scramble,0.000000,0.000000000,0.036993498,1.000000
image_projection,0.0100,real,0.040000,0.015663304,0.098370714,1.000000
image_projection,0.0100,random,0.010000,0.001767432,0.054486196,1.000000
image_projection,0.0100,scramble,0.020000,0.005501968,0.070011791,1.000000
image_projection,0.0200,real,0.060000,0.027786124,0.124768154,1.000000
image_projection,0.0200,random,0.030000,0.010254524,0.084519364,1.000000
image_projection,0.0200,scramble,0.040000,0.015663304,0.098370714,1.000000
image_projection,0.0300,real,0.080000,0.041093461,0.149981077,1.000000
image_projection,0.0300,random,0.070000,0.034319261,0.137495147,1.000000
image_projection,0.0300,scramble,0.090000,0.048072540,0.162262129,1.000000
image_projection,0.0500,real,0.140000,0.085263437,0.221371882,1.000000
image_projection,0.0500,random,0.190000,0.125147515,0.277788454,1.000000
image_projection,0.0500,scramble,0.130000,0.077571674,0.209803514,1.000000

IC=0 false_positive_rate (FPR); threshold=0.10
signal_form,real,random,scramble,all_variants_le_0.10
momentum,0.020000,0.020000,0.040000,True
mean_reversion,0.020000,0.020000,0.040000,True
image_projection,0.020000,0.020000,0.040000,True

limitations=synthetic signal-form specific; does not imply universal market predictability
outputs=research/outputs/v2/mde_injection.json;research/outputs/v2/mde_injection.log
