status=PASS
artifact=research/outputs/v2/probe_posthoc_val.json
git_commit=7f9590352da5fb9ae5e6b593379ed1989f604809
ORIGINAL_VERDICT=FAIL
EXPLORATORY_POST_HOC=TRUE
DOES_NOT_CHANGE_PHASE5_VERDICT=TRUE
train_samples=31556
val_samples=10504
bootstrap_samples=2000
block_size=24
feature_sha256_match=PASS
reproduction_verified=True
reproduction_max_abs_ic_diff=0
spearman_ic.nuisance_logistic=0.00460041010765
spearman_ic.nuisance_ridge=0.000187521943562
spearman_ic.ohlcv_logistic=0.0129523550231
spearman_ic.ohlcv_ridge=-0.000730437118393
spearman_ic.random_logistic=0.011852407801
spearman_ic.random_ridge=0.0113785685605
spearman_ic.real_logistic=0.0254146880502
spearman_ic.real_ridge=0.00242784922854
spearman_ic.scramble_logistic=0.0129238455663
spearman_ic.scramble_ridge=-0.000180426537644
ridge.real_vs_random.observed_delta_ic=-0.00895071933194
ridge.real_vs_random.delta_ic_ci_95=[-0.0300894052796,0.0129835741997]
ridge.real_vs_random.p_value_global_holm_adjusted=1
ridge.real_vs_scramble.observed_delta_ic=0.00260827576618
ridge.real_vs_scramble.delta_ic_ci_95=[-0.0178310449495,0.0228562691764]
ridge.real_vs_scramble.p_value_global_holm_adjusted=1
ridge.real_vs_ohlcv_b1a.observed_delta_ic=0.00315828634693
ridge.real_vs_ohlcv_b1a.delta_ic_ci_95=[-0.02331319991,0.026409520797]
ridge.real_vs_ohlcv_b1a.p_value_global_holm_adjusted=1
ridge.real_vs_nuisance_only.observed_delta_ic=0.00224032728498
ridge.real_vs_nuisance_only.delta_ic_ci_95=[-0.0251890042212,0.0289143261317]
ridge.real_vs_nuisance_only.p_value_global_holm_adjusted=1
logistic.real_vs_random.observed_delta_ic=0.0135622802492
logistic.real_vs_random.delta_ic_ci_95=[-0.0074819816387,0.0342783966534]
logistic.real_vs_random.p_value_global_holm_adjusted=1
logistic.real_vs_scramble.observed_delta_ic=0.0124908424839
logistic.real_vs_scramble.delta_ic_ci_95=[-0.00746995992274,0.0336424100755]
logistic.real_vs_scramble.p_value_global_holm_adjusted=1
logistic.real_vs_ohlcv_b1b.observed_delta_ic=0.0124623330271
logistic.real_vs_ohlcv_b1b.delta_ic_ci_95=[-0.00921024968175,0.0342298177277]
logistic.real_vs_ohlcv_b1b.p_value_global_holm_adjusted=1
logistic.real_vs_nuisance_only.observed_delta_ic=0.0208142779426
logistic.real_vs_nuisance_only.delta_ic_ci_95=[-0.00230652553838,0.0452983749338]
logistic.real_vs_nuisance_only.p_value_global_holm_adjusted=0.623688155922
