classification=COMPLETED
base_commit=ea59c65
step1_alignment=PASS
step1_max_readout_error=1.19e-07
step1_max_final_state_error=1.49e-07
step1_error_limit=1e-4
step1_pytest=1_pass,12_deselected
step1_wall_seconds=4.81
prior_runs_wall_seconds=7.01

real_graph_neurons=138639
real_graph_synapses=15091983
real_graph_sha256=79a74589bac471f752499f616978b4a13f93a23e635ccec1da52ce7c7bf5404d
photoreceptor_type_count=10582
retina_u_count=10582
retina_v_count=10582
r16_finite_selected=7932
total_sensory=10582
r7_r8_excluded=2650
nonfinite_r16_excluded=0
r16_metadata_and_selection=PASS
metadata_preflight_cpu_wall_seconds=0.89
cumulative_actual_wall_seconds_including_cpu_preflight=25.80

timed_pilot_status=COMPLETED
actual_device=cuda
steps=1000
batch_size=10
target_rho=0.95
warmup_steps=50
timed_loop_seconds=2.32
step_time_ms=2.32
state_update_time_ms=0.2321
peak_vram_mb=257.9
saturation_ratio=0.0000
saturation_gate=PASS
nonfinite_non_sensory_postwashout_count=0
pilot_process_wall_seconds=13.09

stage_b_frozen_spec_updates=50000
stage_b_projected_compute_gpu_hours=0.003223611
frozen_spec_total_updates=3672500
frozen_spec_projected_compute_gpu_hours=0.236774236
prior_plus_current_gpu_job_wall_seconds=24.91
prior_plus_current_gpu_job_wall_hours=0.006919444
stage_b_projected_with_gpu_ledger_hours=0.010143056
full_projected_with_gpu_ledger_hours=0.243693681
stage_b_budget_limit_hours=1.0
stage_b_budget_judgment=PASS
total_budget_limit_hours=8.0
total_budget_judgment=PASS

g1_reservoir_cli_legacy_update_count=21502500
g1_reservoir_cli_legacy_projection_hours=1.39
g1_reservoir_cli_projection_matches_frozen_spec=NO
frozen_spec_projection_used_for_budget_judgment=YES
test_split_accessed=NO
narma_prediction_performance_computed=NO
artifact=research/outputs/v3/g1_timed_pilot.log
